SSD1963.c:10:6:Init_LCD_GPIO	48	static
SSD1963.c:48:6:SSD1963_WriteCommand	24	static
SSD1963.c:65:6:SSD1963_WriteData	24	static
SSD1963.c:82:6:SSD1963_WriteDataMultiple	16	static
SSD1963.c:94:10:SSD1963_ReadData	4	static
SSD1963.c:102:6:SSD1963_ReadDataMultiple	16	static
SSD1963.c:114:6:SSD1963_Init	8	static
SSD1963.c:189:6:SSD1963_SetArea	24	static
SSD1963.c:206:6:SSD1963_FillArea	32	static
SSD1963.c:219:6:SSD1963_ClearScreen	24	static
SSD1963.c:235:6:SSD193_SetPixel	16	static
SSD1963.c:245:6:SSD1963_SetBacklight	16	static
SSD1963.c:259:6:SSD1963_SetScrollArea	16	static
SSD1963.c:272:6:SSD1963_SetScrollStart	16	static
