STMPE610.c:13:6:Init_TOUCH_GPIO	8	static
STMPE610.c:19:9:STMPE610_IsTouched	8	static
STMPE610.c:28:6:STMPE610_Write	32	static
STMPE610.c:38:9:STMPE610_ReadByte	32	static
STMPE610.c:49:10:STMPE610_ReadWord	32	static
STMPE610.c:62:6:STMPE610_Init	8	static
STMPE610.c:91:9:STMPE610_read_xyz	16	static
STMPE610.c:122:10:STMPE610_GetX_TOUCH	16	static
STMPE610.c:130:10:STMPE610_GetY_TOUCH	16	static
STMPE610.c:138:10:STMPE610_GetZ_TOUCH	16	static
STMPE610.c:147:10:STMPE610_GetX_TOUCH_RAW	4	static
STMPE610.c:151:10:STMPE610_GetY_TOUCH_RAW	4	static
STMPE610.c:155:10:STMPE610_GetZ_TOUCH_RAW	4	static
