main.c:114:5:main	184	static
main.c:221:6:SystemClock_Config	216	static
main.c:279:13:MX_ADC3_Init	24	static
main.c:329:13:MX_I2C1_Init	8	static
main.c:375:13:MX_GPIO_Init	48	static
main.c:408:6:createMenuTemp	8	static
main.c:420:6:menuTemp	24	static
main.c:444:6:createMenuAccel	8	static
main.c:456:6:menuAccel	24	static
main.c:489:6:StartDefaultTask	24	static
main.c:525:6:AccTemp_init	24	static
main.c:565:6:ButtonTask_init	32	static
main.c:652:6:TempRegTask_init	24	static
main.c:690:6:PTCallback	16	static
main.c:713:6:HAL_TIM_PeriodElapsedCallback	16	static
main.c:732:6:Error_Handler	4	static,ignoring_inline_asm
